#-----------------------------------------------------------
# Vivado v2024.1 (64-bit)
# SW Build 5076996 on Wed May 22 18:37:14 MDT 2024
# IP Build 5075265 on Wed May 22 21:45:21 MDT 2024
# SharedData Build 5076995 on Wed May 22 18:29:18 MDT 2024
# Start of session at: Tue Aug  6 15:15:10 2024
# Process ID: 11600
# Current directory: C:/Users/mpaur/MESE/CLP/GuiaPracticaCLP/eje18_contArty/contBCD/contBCD.runs/synth_1
# Command line: vivado.exe -log Eje18_top.vds -product Vivado -mode batch -messageDb vivado.pb -notrace -source Eje18_top.tcl
# Log file: C:/Users/mpaur/MESE/CLP/GuiaPracticaCLP/eje18_contArty/contBCD/contBCD.runs/synth_1/Eje18_top.vds
# Journal file: C:/Users/mpaur/MESE/CLP/GuiaPracticaCLP/eje18_contArty/contBCD/contBCD.runs/synth_1\vivado.jou
# Running On        :COURIE
# Platform          :Windows Server 2016 or Windows 10
# Operating System  :22631
# Processor Detail  :11th Gen Intel(R) Core(TM) i7-1165G7 @ 2.80GHz
# CPU Frequency     :2803 MHz
# CPU Physical cores:4
# CPU Logical cores :8
# Host memory       :16856 MB
# Swap memory       :3814 MB
# Total Virtual     :20671 MB
# Available Virtual :4173 MB
#-----------------------------------------------------------
source Eje18_top.tcl -notrace
